
> placement-next@1.0.0 prebuild
> prisma generate

node.exe : Loaded Prisma config from 
prisma.config.ts.
At C:\Program Files\nodejs\npm.ps1:29 
char:3
+   & $NODE_EXE $NPM_CLI_JS $args
+   ~~~~~~~~~~~~~~~~~~~~~~~~~~~~~
    + CategoryInfo          : NotSpecifi 
   ed: (Loaded Prisma c...isma.config.t  
  s.:String) [], RemoteException
    + FullyQualifiedErrorId : NativeComm 
   andError
 

Prisma schema loaded from prisma\schema.prisma

Γ£ö Generated Prisma Client (v7.1.0) to .\node_modules\.prisma\client in 453ms

Start by importing your Prisma Client (See: https://pris.ly/d/importing-client)

Tip: Need your database queries to be 1000x faster? Accelerate offers you that and more: https://pris.ly/tip-2-accelerate


> placement-next@1.0.0 build
> prisma generate && next build

Loaded Prisma config from 
prisma.config.ts.

Prisma schema loaded from prisma\schema.prisma

Γ£ö Generated Prisma Client (v7.1.0) to .\node_modules\.prisma\client in 948ms

Start by importing your Prisma Client (See: https://pris.ly/d/importing-client)

Tip: Want to turn off tips and other hints? https://pris.ly/tip-4-nohints

[baseline-browser-mapping] The data in 
this module is over two months old.  To 
ensure accurate Baseline data, please 
update: `npm i 
baseline-browser-mapping@latest -D`
   Γû▓ Next.js 16.0.10 (Turbopack)
   - Environments: .env

 ΓÜá The "middleware" file convention is 
deprecated. Please use "proxy" instead. 
Learn more: https://nextjs.org/docs/messa
ges/middleware-to-proxy
   Creating an optimized production build ...
[baseline-browser-mapping] The data in 
this module is over two months old.  To 
ensure accurate Baseline data, please 
update: `npm i 
baseline-browser-mapping@latest -D`
 Γ£ô Compiled successfully in 21.2s
   Running TypeScript ...
Failed to compile.

./app/admin/jobs/[id]/edit/page.tsx:19:65
Type error: 'params' is possibly 'null'.

[0m [90m 17 |[39m         
[36mconst[39m fetchJob [33m=[39m 
[36masync[39m () [33m=>[39m {
 [90m 18 |[39m             
[36mtry[39m {
[31m[1m>[22m[39m[90m 19 |[39m      
           [36mconst[39m response 
[33m=[39m [36mawait[39m fetch([32m`/
api/admin/jobs/${params.id}`[39m)
 [90m    |[39m                         
                                        
[31m[1m^[22m[39m
 [90m 20 |[39m                 
[36mif[39m (response[33m.[39mok) {
 [90m 21 |[39m                     
[36mconst[39m data [33m=[39m 
[36mawait[39m response[33m.[39mjson()
 [90m 22 |[39m                     
[90m// Format dates for form 
inputs[39m[0m
Next.js build worker exited with code: 1 
and signal: null
